Archive member included to satisfy reference by file (symbol)

c:/program files (x86)/atmel/studio/7.0/toolchain/avr8/avr8-gnu-toolchain/bin/../lib/gcc/avr/5.4.0/../../../../avr/lib/avr5\libm.a(addsf3.o)
                              GPS.o (__subsf3)
c:/program files (x86)/atmel/studio/7.0/toolchain/avr8/avr8-gnu-toolchain/bin/../lib/gcc/avr/5.4.0/../../../../avr/lib/avr5\libm.a(addsf3x.o)
                              c:/program files (x86)/atmel/studio/7.0/toolchain/avr8/avr8-gnu-toolchain/bin/../lib/gcc/avr/5.4.0/../../../../avr/lib/avr5\libm.a(addsf3.o) (__addsf3x)
c:/program files (x86)/atmel/studio/7.0/toolchain/avr8/avr8-gnu-toolchain/bin/../lib/gcc/avr/5.4.0/../../../../avr/lib/avr5\libm.a(cmpsf2.o)
                              SD/ff.o (__nesf2)
c:/program files (x86)/atmel/studio/7.0/toolchain/avr8/avr8-gnu-toolchain/bin/../lib/gcc/avr/5.4.0/../../../../avr/lib/avr5\libm.a(divsf3.o)
                              GPS.o (__divsf3)
c:/program files (x86)/atmel/studio/7.0/toolchain/avr8/avr8-gnu-toolchain/bin/../lib/gcc/avr/5.4.0/../../../../avr/lib/avr5\libm.a(divsf3x.o)
                              c:/program files (x86)/atmel/studio/7.0/toolchain/avr8/avr8-gnu-toolchain/bin/../lib/gcc/avr/5.4.0/../../../../avr/lib/avr5\libm.a(divsf3.o) (__divsf3x)
c:/program files (x86)/atmel/studio/7.0/toolchain/avr8/avr8-gnu-toolchain/bin/../lib/gcc/avr/5.4.0/../../../../avr/lib/avr5\libm.a(fixsfsi.o)
                              GPS.o (__fixsfsi)
c:/program files (x86)/atmel/studio/7.0/toolchain/avr8/avr8-gnu-toolchain/bin/../lib/gcc/avr/5.4.0/../../../../avr/lib/avr5\libm.a(fixunssfsi.o)
                              c:/program files (x86)/atmel/studio/7.0/toolchain/avr8/avr8-gnu-toolchain/bin/../lib/gcc/avr/5.4.0/../../../../avr/lib/avr5\libm.a(fixsfsi.o) (__fixunssfsi)
c:/program files (x86)/atmel/studio/7.0/toolchain/avr8/avr8-gnu-toolchain/bin/../lib/gcc/avr/5.4.0/../../../../avr/lib/avr5\libm.a(floatsisf.o)
                              GPS.o (__floatsisf)
c:/program files (x86)/atmel/studio/7.0/toolchain/avr8/avr8-gnu-toolchain/bin/../lib/gcc/avr/5.4.0/../../../../avr/lib/avr5\libm.a(fp_cmp.o)
                              c:/program files (x86)/atmel/studio/7.0/toolchain/avr8/avr8-gnu-toolchain/bin/../lib/gcc/avr/5.4.0/../../../../avr/lib/avr5\libm.a(cmpsf2.o) (__fp_cmp)
c:/program files (x86)/atmel/studio/7.0/toolchain/avr8/avr8-gnu-toolchain/bin/../lib/gcc/avr/5.4.0/../../../../avr/lib/avr5\libm.a(fp_inf.o)
                              c:/program files (x86)/atmel/studio/7.0/toolchain/avr8/avr8-gnu-toolchain/bin/../lib/gcc/avr/5.4.0/../../../../avr/lib/avr5\libm.a(addsf3x.o) (__fp_inf)
c:/program files (x86)/atmel/studio/7.0/toolchain/avr8/avr8-gnu-toolchain/bin/../lib/gcc/avr/5.4.0/../../../../avr/lib/avr5\libm.a(fp_nan.o)
                              c:/program files (x86)/atmel/studio/7.0/toolchain/avr8/avr8-gnu-toolchain/bin/../lib/gcc/avr/5.4.0/../../../../avr/lib/avr5\libm.a(addsf3x.o) (__fp_nan)
c:/program files (x86)/atmel/studio/7.0/toolchain/avr8/avr8-gnu-toolchain/bin/../lib/gcc/avr/5.4.0/../../../../avr/lib/avr5\libm.a(fp_pscA.o)
                              c:/program files (x86)/atmel/studio/7.0/toolchain/avr8/avr8-gnu-toolchain/bin/../lib/gcc/avr/5.4.0/../../../../avr/lib/avr5\libm.a(addsf3x.o) (__fp_pscA)
c:/program files (x86)/atmel/studio/7.0/toolchain/avr8/avr8-gnu-toolchain/bin/../lib/gcc/avr/5.4.0/../../../../avr/lib/avr5\libm.a(fp_pscB.o)
                              c:/program files (x86)/atmel/studio/7.0/toolchain/avr8/avr8-gnu-toolchain/bin/../lib/gcc/avr/5.4.0/../../../../avr/lib/avr5\libm.a(addsf3x.o) (__fp_pscB)
c:/program files (x86)/atmel/studio/7.0/toolchain/avr8/avr8-gnu-toolchain/bin/../lib/gcc/avr/5.4.0/../../../../avr/lib/avr5\libm.a(fp_round.o)
                              c:/program files (x86)/atmel/studio/7.0/toolchain/avr8/avr8-gnu-toolchain/bin/../lib/gcc/avr/5.4.0/../../../../avr/lib/avr5\libm.a(addsf3.o) (__fp_round)
c:/program files (x86)/atmel/studio/7.0/toolchain/avr8/avr8-gnu-toolchain/bin/../lib/gcc/avr/5.4.0/../../../../avr/lib/avr5\libm.a(fp_split3.o)
                              c:/program files (x86)/atmel/studio/7.0/toolchain/avr8/avr8-gnu-toolchain/bin/../lib/gcc/avr/5.4.0/../../../../avr/lib/avr5\libm.a(addsf3x.o) (__fp_split3)
c:/program files (x86)/atmel/studio/7.0/toolchain/avr8/avr8-gnu-toolchain/bin/../lib/gcc/avr/5.4.0/../../../../avr/lib/avr5\libm.a(fp_zero.o)
                              c:/program files (x86)/atmel/studio/7.0/toolchain/avr8/avr8-gnu-toolchain/bin/../lib/gcc/avr/5.4.0/../../../../avr/lib/avr5\libm.a(addsf3x.o) (__fp_zero)
c:/program files (x86)/atmel/studio/7.0/toolchain/avr8/avr8-gnu-toolchain/bin/../lib/gcc/avr/5.4.0/../../../../avr/lib/avr5\libm.a(gesf2.o)
                              SD/ff.o (__gesf2)
c:/program files (x86)/atmel/studio/7.0/toolchain/avr8/avr8-gnu-toolchain/bin/../lib/gcc/avr/5.4.0/../../../../avr/lib/avr5\libm.a(mulsf3.o)
                              main.o (__mulsf3)
[...]
Memory Configuration

Name             Origin             Length             Attributes
text             0x00000000         0x00010000         xr
data             0x00800100         0x00001000         rw !x
eeprom           0x00810000         0x00000800         rw !x
fuse             0x00820000         0x00000003         rw !x
lock             0x00830000         0x00000400         rw !x
signature        0x00840000         0x00000400         rw !x
user_signatures  0x00850000         0x00000400         rw !x
*default*        0x00000000         0xffffffff

Linker script and memory map

Address of section .data set to 0x800100
LOAD C:/Program Files (x86)/Atmel/Studio/7.0/Packs/atmel/ATmega_DFP/1.7.374/gcc/dev/atmega644pa/avr5/crtatmega644pa.o
LOAD GPS.o
LOAD lora.o
LOAD main.o
LOAD SD/diskio.o
LOAD SD/ff.o
LOAD SD/ffsystem.o
LOAD SD/ffunicode.o
LOAD serial.o
START GROUP
LOAD c:/program files (x86)/atmel/studio/7.0/toolchain/avr8/avr8-gnu-toolchain/bin/../lib/gcc/avr/5.4.0/../../../../avr/lib/avr5\libm.a
END GROUP
START GROUP
LOAD c:/program files (x86)/atmel/studio/7.0/toolchain/avr8/avr8-gnu-toolchain/bin/../lib/gcc/avr/5.4.0/avr5\libgcc.a
LOAD c:/program files (x86)/atmel/studio/7.0/toolchain/avr8/avr8-gnu-toolchain/bin/../lib/gcc/avr/5.4.0/../../../../avr/lib/avr5\libm.a
LOAD c:/program files (x86)/atmel/studio/7.0/toolchain/avr8/avr8-gnu-toolchain/bin/../lib/gcc/avr/5.4.0/../../../../avr/lib/avr5\libc.a
LOAD C:/Program Files (x86)/Atmel/Studio/7.0/Packs/atmel/ATmega_DFP/1.7.374/gcc/dev/atmega644pa/avr5\libatmega644pa.a
END GROUP
                0x00000000                __TEXT_REGION_ORIGIN__ = DEFINED (__TEXT_REGION_ORIGIN__)?__TEXT_REGION_ORIGIN__:0x0
                [0x00800100]                __DATA_REGION_ORIGIN__ = DEFINED (__DATA_REGION_ORIGIN__)?__DATA_REGION_ORIGIN__:0x800060
                [0x00010000]                __TEXT_REGION_LENGTH__ = DEFINED (__TEXT_REGION_LENGTH__)?__TEXT_REGION_LENGTH__:0x20000
                [0x00001000]                __DATA_REGION_LENGTH__ = DEFINED (__DATA_REGION_LENGTH__)?__DATA_REGION_LENGTH__:0xffa0
                [0x00000800]                __EEPROM_REGION_LENGTH__ = DEFINED (__EEPROM_REGION_LENGTH__)?__EEPROM_REGION_LENGTH__:0x10000
                [0x00000003]                __FUSE_REGION_LENGTH__ = DEFINED (__FUSE_REGION_LENGTH__)?__FUSE_REGION_LENGTH__:0x400
                0x00000400                __LOCK_REGION_LENGTH__ = DEFINED (__LOCK_REGION_LENGTH__)?__LOCK_REGION_LENGTH__:0x400
                0x00000400                __SIGNATURE_REGION_LENGTH__ = DEFINED (__SIGNATURE_REGION_LENGTH__)?__SIGNATURE_REGION_LENGTH__:0x400
                0x00000400                __USER_SIGNATURE_REGION_LENGTH__ = DEFINED (__USER_SIGNATURE_REGION_LENGTH__)?__USER_SIGNATURE_REGION_LENGTH__:0x400

.hash
 *(.hash)

.dynsym
 *(.dynsym)

.dynstr
 *(.dynstr)

.gnu.version
 *(.gnu.version)

.gnu.version_d
 *(.gnu.version_d)

.gnu.version_r
 *(.gnu.version_r)

.rel.init
 *(.rel.init)

.rela.init
 *(.rela.init)

.rel.text
 *(.rel.text)
 *(.rel.text.*)
 *(.rel.gnu.linkonce.t*)

.rela.text
 *(.rela.text)
 *(.rela.text.*)
 *(.rela.gnu.linkonce.t*)

.rel.fini
 *(.rel.fini)

.rela.fini
 *(.rela.fini)

.rel.rodata
 *(.rel.rodata)
 *(.rel.rodata.*)
 *(.rel.gnu.linkonce.r*)

.rela.rodata
 *(.rela.rodata)
 *(.rela.rodata.*)
 *(.rela.gnu.linkonce.r*)

.rel.data
 *(.rel.data)
 *(.rel.data.*)
 *(.rel.gnu.linkonce.d*)

.rela.data
 *(.rela.data)
 *(.rela.data.*)
 *(.rela.gnu.linkonce.d*)

.rel.ctors
 *(.rel.ctors)

.rela.ctors
 *(.rela.ctors)

.rel.dtors
 *(.rel.dtors)

.rela.dtors
 *(.rela.dtors)

.rel.got
 *(.rel.got)

.rela.got
 *(.rela.got)

.rel.bss
 *(.rel.bss)

.rela.bss
 *(.rela.bss)

.rel.plt
 *(.rel.plt)

.rela.plt
 *(.rela.plt)

.text           0x00000000     0x57a0
 *(.vectors)
 .vectors       0x00000000       0x7c C:/Program Files (x86)/Atmel/Studio/7.0/Packs/atmel/ATmega_DFP/1.7.374/gcc/dev/atmega644pa/avr5/crtatmega644pa.o
                0x00000000                __vector_default
                0x00000000                __vectors
 *(.vectors)
 *(.progmem.gcc*)
 .progmem.gcc_sw_table.parseRMC
                0x0000007c       0x14 GPS.o
 .progmem.gcc_sw_table.f_printf
                0x00000090       0x68 SD/ff.o
                0x000000f8                . = ALIGN (0x2)
                0x000000f8                __trampolines_start = .
 *(.trampolines)
 .trampolines   0x000000f8        0x0 linker stubs
 *(.trampolines*)
                0x000000f8                __trampolines_end = .
 *libprintf_flt.a:*(.progmem.data)
 *libc.a:*(.progmem.data)
 .progmem.data  0x000000f8        0xc c:/program files (x86)/atmel/studio/7.0/toolchain/avr8/avr8-gnu-toolchain/bin/../lib/gcc/avr/5.4.0/../../../../avr/lib/avr5\libc.a(vfscanf_std.o)
 .progmem.data  0x00000104       0x3b c:/program files (x86)/atmel/studio/7.0/toolchain/avr8/avr8-gnu-toolchain/bin/../lib/gcc/avr/5.4.0/../../../../avr/lib/avr5\libc.a(strtod.o)
 *(.progmem*)
                0x00000140                . = ALIGN (0x2)
 *fill*         0x0000013f        0x1 
 *(.jumptables)
 *(.jumptables*)
 *(.lowtext)
 *(.lowtext*)
                0x00000140                __ctors_start = .
 *(.ctors)
                0x00000140                __ctors_end = .
                0x00000140                __dtors_start = .
 *(.dtors)
                0x00000140                __dtors_end = .
 SORT(*)(.ctors)
 SORT(*)(.dtors)
 *(.init0)
 .init0         0x00000140        0x0 C:/Program Files (x86)/Atmel/Studio/7.0/Packs/atmel/ATmega_DFP/1.7.374/gcc/dev/atmega644pa/avr5/crtatmega644pa.o
                0x00000140                __init
 *(.init0)
 *(.init1)
 *(.init1)
 *(.init2)
 .init2         0x00000140        0xc C:/Program Files (x86)/Atmel/Studio/7.0/Packs/atmel/ATmega_DFP/1.7.374/gcc/dev/atmega644pa/avr5/crtatmega644pa.o
 *(.init2)
 *(.init3)
 *(.init3)
 *(.init4)
 .init4         0x0000014c       0x16 c:/program files (x86)/atmel/studio/7.0/toolchain/avr8/avr8-gnu-toolchain/bin/../lib/gcc/avr/5.4.0/avr5\libgcc.a(_copy_data.o)
                0x0000014c                __do_copy_data
 .init4         0x00000162       0x10 c:/program files (x86)/atmel/studio/7.0/toolchain/avr8/avr8-gnu-toolchain/bin/../lib/gcc/avr/5.4.0/avr5\libgcc.a(_clear_bss.o)
                0x00000162                __do_clear_bss
 *(.init4)
 *(.init5)
 *(.init5)
 *(.init6)
 *(.init6)
 *(.init7)
 *(.init7)
 *(.init8)
 *(.init8)
 *(.init9)
 .init9         0x00000172        0x8 C:/Program Files (x86)/Atmel/Studio/7.0/Packs/atmel/ATmega_DFP/1.7.374/gcc/dev/atmega644pa/avr5/crtatmega644pa.o
 *(.init9)
 *(.text)
 .text          0x0000017a        0x4 C:/Program Files (x86)/Atmel/Studio/7.0/Packs/atmel/ATmega_DFP/1.7.374/gcc/dev/atmega644pa/avr5/crtatmega644pa.o
                0x0000017a                __vector_22
                0x0000017a                __vector_28
                0x0000017a                __vector_1
                0x0000017a                __vector_24
                0x0000017a                __vector_12
                0x0000017a                __bad_interrupt
                0x0000017a                __vector_6
                0x0000017a                __vector_3
                0x0000017a                __vector_23
                0x0000017a                __vector_30
                0x0000017a                __vector_25
                0x0000017a                __vector_11
                0x0000017a                __vector_13
                0x0000017a                __vector_17
                0x0000017a                __vector_19
                0x0000017a                __vector_7
                0x0000017a                __vector_27
                0x0000017a                __vector_5
                0x0000017a                __vector_4
                0x0000017a                __vector_9
                0x0000017a                __vector_2
                0x0000017a                __vector_21
                0x0000017a                __vector_15
                0x0000017a                __vector_29
                0x0000017a                __vector_8
                0x0000017a                __vector_26
                0x0000017a                __vector_14
                0x0000017a                __vector_10
                0x0000017a                __vector_16
                0x0000017a                __vector_18
                0x0000017a                __vector_20
                0x0000017e                . = ALIGN (0x2)
 *(.text.*)
 .text.parseRMC
                0x0000017e      0x236 GPS.o
                0x0000017e                parseRMC
 .text.lora_exchange
                0x000003b4       0x1e lora.o
                0x000003b4                lora_exchange
 .text.lora_writeRegister
                0x000003d2        0x8 lora.o
                0x000003d2                lora_writeRegister
 .text.lora_setFrequency
                0x000003da       0xb2 lora.o
                0x000003da                lora_setFrequency
 .text.lora_setOCP
                0x0000048c       0x32 lora.o
                0x0000048c                lora_setOCP
 .text.lora_setTxPwr
                0x000004be       0x4e lora.o
                0x000004be                lora_setTxPwr
 .text.lora_sleep
                0x0000050c        0xa lora.o
                0x0000050c                lora_sleep
 .text.lora_idle
                0x00000516        0xa lora.o
                0x00000516                lora_idle
 .text.lora_readRegister
                0x00000520        0xa lora.o
                0x00000520                lora_readRegister
 .text.lora_init
                0x0000052a       0x56 lora.o
                0x0000052a                lora_init
 .text.lora_set_bandwidth
                0x00000580       0x22 lora.o
                0x00000580                lora_set_bandwidth
 .text.lora_setSpreadingFactor
                0x000005a2       0x68 lora.o
                0x000005a2                lora_setSpreadingFactor
 .text.lora_putd
                0x0000060a       0x72 lora.o
                0x0000060a                lora_putd
 .text.main     0x0000067c      0x302 main.o
                0x0000067c                main
 .text.spi_xmit
                0x0000097e        0xa SD/diskio.o
 .text.spi_rcvr
                0x00000988        0xe SD/diskio.o
 .text.deselect
                0x00000996        0xc SD/diskio.o
 .text.xmit_mmc
                0x000009a2       0x28 SD/diskio.o
 .text.rcvr_mmc
                0x000009ca       0x34 SD/diskio.o
 .text.wait_ready
                0x000009fe       0x30 SD/diskio.o
 .text.select   0x00000a2e       0x2a SD/diskio.o
 .text.send_cmd
                0x00000a58       0xc2 SD/diskio.o
 .text.xmit_datablock
                0x00000b1a       0x78 SD/diskio.o
 .text.rcvr_datablock
                0x00000b92       0x7e SD/diskio.o
 .text.disk_status
                0x00000c10        0xe SD/diskio.o
                0x00000c10                disk_status
 .text.disk_initialize
                0x00000c1e      0x1b4 SD/diskio.o
                0x00000c1e                disk_initialize
 .text.disk_read
                0x00000dd2       0xac SD/diskio.o
                0x00000dd2                disk_read
 .text.disk_write
                0x00000e7e       0xc8 SD/diskio.o
                0x00000e7e                disk_write
 .text.disk_ioctl
                0x00000f46      0x178 SD/diskio.o
                0x00000f46                disk_ioctl
 .text.ld_word  0x000010be       0x14 SD/ff.o
 .text.ld_dword
                0x000010d2       0x36 SD/ff.o
 .text.st_word  0x00001108        0x8 SD/ff.o
 .text.st_dword
                0x00001110        0xc SD/ff.o
 .text.dbc_1st  0x0000111c       0x2e SD/ff.o
 .text.dbc_2nd  0x0000114a       0x32 SD/ff.o
 .text.clst2sect
                0x0000117c       0x5c SD/ff.o
 .text.ld_clust
                0x000011d8       0x5a SD/ff.o
 .text.st_clust
                0x00001232       0x4a SD/ff.o
 .text.get_ldnumber
                0x0000127c       0x70 SD/ff.o
 .text.ilog10   0x000012ec       0xd4 SD/ff.o
 .text.i10x     0x000013c0       0x6c SD/ff.o
 .text.ftoa     0x0000142c      0x356 SD/ff.o
 .text.validate
                0x00001782       0x6a SD/ff.o
 .text.sync_window
                0x000017ec       0xb4 SD/ff.o
 .text.move_window
                0x000018a0       0x7c SD/ff.o
 .text.check_fs
                0x0000191c      0x132 SD/ff.o
 .text.find_volume
                0x00001a4e      0x10e SD/ff.o
 .text.mount_volume
                0x00001b5c      0x508 SD/ff.o
 .text.put_fat  0x00002064      0x254 SD/ff.o
 .text.get_fat  0x000022b8      0x1c4 SD/ff.o
 .text.dir_sdi  0x0000247c      0x1cc SD/ff.o
 .text.create_chain
                0x00002648      0x2a2 SD/ff.o
 .text.remove_chain
                0x000028ea      0x12a SD/ff.o
 .text.dir_clear
                0x00002a14       0xb2 SD/ff.o
 .text.dir_next
                0x00002ac6      0x1f8 SD/ff.o
 .text.dir_find
                0x00002cbe       0x80 SD/ff.o
 .text.dir_alloc
                0x00002d3e       0x80 SD/ff.o
 .text.putc_init
                0x00002dbe       0x12 SD/ff.o
 .text.create_name
                0x00002dd0      0x1a0 SD/ff.o
 .text.follow_path
                0x00002f70       0xd2 SD/ff.o
 .text.dir_register
                0x00003042       0x5c SD/ff.o
 .text.sync_fs  0x0000309e       0xe4 SD/ff.o
 .text.f_mount  0x00003182       0x9e SD/ff.o
                0x00003182                f_mount
 .text.f_open   0x00003220      0x3c4 SD/ff.o
                0x00003220                f_open
 .text.f_write  0x000035e4      0x394 SD/ff.o
                0x000035e4                f_write
 .text.putc_bfd
                0x00003978       0x94 SD/ff.o
 .text.putc_flush
                0x00003a0c       0x66 SD/ff.o
 .text.f_sync   0x00003a72       0xfa SD/ff.o
                0x00003a72                f_sync
 .text.f_close  0x00003b6c       0x3c SD/ff.o
                0x00003b6c                f_close
 .text.f_printf
                0x00003ba8      0x4f0 SD/ff.o
                0x00003ba8                f_printf
 .text.spi_init
                0x00004098       0x1a serial.o
                0x00004098                spi_init
 .text.spi_tx   0x000040b2        0xa serial.o
                0x000040b2                spi_tx
 .text.spi_x    0x000040bc        0xc serial.o
                0x000040bc                spi_x
 .text.uart_init
                0x000040c8       0x18 serial.o
                0x000040c8                uart_init
 .text.uart_receive
                0x000040e0        0xe serial.o
                0x000040e0                uart_receive
 .text.uart_transmit
                0x000040ee        0xe serial.o
                0x000040ee                uart_transmit
 .text.uart_sendStr
                0x000040fc       0x1a serial.o
                0x000040fc                uart_sendStr
 .text.avr-libc.fplib
                0x00004116        0xe c:/program files (x86)/atmel/studio/7.0/toolchain/avr8/avr8-gnu-toolchain/bin/../lib/gcc/avr/5.4.0/../../../../avr/lib/avr5\libm.a(addsf3.o)
                0x00004116                __subsf3
                0x00004118                __addsf3
 .text.avr-libc.fplib
                0x00004124       0xcc c:/program files (x86)/atmel/studio/7.0/toolchain/avr8/avr8-gnu-toolchain/bin/../lib/gcc/avr/5.4.0/../../../../avr/lib/avr5\libm.a(addsf3x.o)
                0x00004146                __addsf3x
 .text.avr-libc.fplib
                0x000041f0        0xa c:/program files (x86)/atmel/studio/7.0/toolchain/avr8/avr8-gnu-toolchain/bin/../lib/gcc/avr/5.4.0/../../../../avr/lib/avr5\libm.a(cmpsf2.o)
                0x000041f0                __nesf2
                0x000041f0                __eqsf2
                0x000041f0                __cmpsf2
                0x000041f0                __ltsf2
                0x000041f0                __lesf2
 .text.avr-libc.fplib
                0x000041fa        0x8 c:/program files (x86)/atmel/studio/7.0/toolchain/avr8/avr8-gnu-toolchain/bin/../lib/gcc/avr/5.4.0/../../../../avr/lib/avr5\libm.a(divsf3.o)
                0x000041fa                __divsf3
 .text.avr-libc.fplib
                0x00004202       0xdc c:/program files (x86)/atmel/studio/7.0/toolchain/avr8/avr8-gnu-toolchain/bin/../lib/gcc/avr/5.4.0/../../../../avr/lib/avr5\libm.a(divsf3x.o)
                0x00004222                __divsf3x
                0x00004228                __divsf3_pse
 .text.avr-libc.fplib
                0x000042de        0xe c:/program files (x86)/atmel/studio/7.0/toolchain/avr8/avr8-gnu-toolchain/bin/../lib/gcc/avr/5.4.0/../../../../avr/lib/avr5\libm.a(fixsfsi.o)
                0x000042de                __fixsfsi
 .text.avr-libc.fplib
                0x000042ec       0x5e c:/program files (x86)/atmel/studio/7.0/toolchain/avr8/avr8-gnu-toolchain/bin/../lib/gcc/avr/5.4.0/../../../../avr/lib/avr5\libm.a(fixunssfsi.o)
                0x000042ec                __fixunssfsi
 .text.avr-libc.fplib
                0x0000434a       0x7a c:/program files (x86)/atmel/studio/7.0/toolchain/avr8/avr8-gnu-toolchain/bin/../lib/gcc/avr/5.4.0/../../../../avr/lib/avr5\libm.a(floatsisf.o)
                0x0000434a                __floatunsisf
                0x0000434e                __floatsisf
 .text.avr-libc.fplib
                0x000043c4       0x48 c:/program files (x86)/atmel/studio/7.0/toolchain/avr8/avr8-gnu-toolchain/bin/../lib/gcc/avr/5.4.0/../../../../avr/lib/avr5\libm.a(fp_cmp.o)
                0x000043c4                __fp_cmp
 .text.avr-libc.fplib
                0x0000440c        0xc c:/program files (x86)/atmel/studio/7.0/toolchain/avr8/avr8-gnu-toolchain/bin/../lib/gcc/avr/5.4.0/../../../../avr/lib/avr5\libm.a(fp_inf.o)
                0x0000440c                __fp_inf
 .text.avr-libc.fplib
                0x00004418        0x6 c:/program files (x86)/atmel/studio/7.0/toolchain/avr8/avr8-gnu-toolchain/bin/../lib/gcc/avr/5.4.0/../../../../avr/lib/avr5\libm.a(fp_nan.o)
                0x00004418                __fp_nan
 .text.avr-libc.fplib
                0x0000441e        0xe c:/program files (x86)/atmel/studio/7.0/toolchain/avr8/avr8-gnu-toolchain/bin/../lib/gcc/avr/5.4.0/../../../../avr/lib/avr5\libm.a(fp_pscA.o)
                0x0000441e                __fp_pscA
 .text.avr-libc.fplib
                0x0000442c        0xe c:/program files (x86)/atmel/studio/7.0/toolchain/avr8/avr8-gnu-toolchain/bin/../lib/gcc/avr/5.4.0/../../../../avr/lib/avr5\libm.a(fp_pscB.o)
                0x0000442c                __fp_pscB
 .text.avr-libc.fplib
                0x0000443a       0x22 c:/program files (x86)/atmel/studio/7.0/toolchain/avr8/avr8-gnu-toolchain/bin/../lib/gcc/avr/5.4.0/../../../../avr/lib/avr5\libm.a(fp_round.o)
                0x0000443a                __fp_round
 .text.avr-libc.fplib
                0x0000445c       0x44 c:/program files (x86)/atmel/studio/7.0/toolchain/avr8/avr8-gnu-toolchain/bin/../lib/gcc/avr/5.4.0/../../../../avr/lib/avr5\libm.a(fp_split3.o)
                0x0000445c                __fp_split3
                0x0000446c                __fp_splitA
 .text.avr-libc.fplib
                0x000044a0        0xe c:/program files (x86)/atmel/studio/7.0/toolchain/avr8/avr8-gnu-toolchain/bin/../lib/gcc/avr/5.4.0/../../../../avr/lib/avr5\libm.a(fp_zero.o)
                0x000044a0                __fp_zero
                0x000044a2                __fp_szero
 .text.avr-libc.fplib
                0x000044ae        0xa c:/program files (x86)/atmel/studio/7.0/toolchain/avr8/avr8-gnu-toolchain/bin/../lib/gcc/avr/5.4.0/../../../../avr/lib/avr5\libm.a(gesf2.o)
                0x000044ae                __gesf2
                0x000044ae                __gtsf2
 .text.avr-libc.fplib
                0x000044b8        0x8 c:/program files (x86)/atmel/studio/7.0/toolchain/avr8/avr8-gnu-toolchain/bin/../lib/gcc/avr/5.4.0/../../../../avr/lib/avr5\libm.a(mulsf3.o)
                0x000044b8                __mulsf3
 .text.avr-libc.fplib
                0x000044c0       0xd2 c:/program files (x86)/atmel/studio/7.0/toolchain/avr8/avr8-gnu-toolchain/bin/../lib/gcc/avr/5.4.0/../../../../avr/lib/avr5\libm.a(mulsf3x.o)
                0x000044de                __mulsf3x
                0x000044e4                __mulsf3_pse
 .text.avr-libc.fplib
                0x00004592        0xa c:/program files (x86)/atmel/studio/7.0/toolchain/avr8/avr8-gnu-toolchain/bin/../lib/gcc/avr/5.4.0/../../../../avr/lib/avr5\libm.a(unordsf2.o)
                0x00004592                __unordsf2
 .text.libgcc.div
                0x0000459c       0x28 c:/program files (x86)/atmel/studio/7.0/toolchain/avr8/avr8-gnu-toolchain/bin/../lib/gcc/avr/5.4.0/avr5\libgcc.a(_divmodhi4.o)
                0x0000459c                _div
                0x0000459c                __divmodhi4
 .text.libgcc.div
                0x000045c4       0x44 c:/program files (x86)/atmel/studio/7.0/toolchain/avr8/avr8-gnu-toolchain/bin/../lib/gcc/avr/5.4.0/avr5\libgcc.a(_udivmodsi4.o)
                0x000045c4                __udivmodsi4
 .text.libgcc   0x00004608        0xc c:/program files (x86)/atmel/studio/7.0/toolchain/avr8/avr8-gnu-toolchain/bin/../lib/gcc/avr/5.4.0/avr5\libgcc.a(_tablejump2.o)
                0x00004608                __tablejump2__
 .text.libgcc.mul
                0x00004614       0x16 c:/program files (x86)/atmel/studio/7.0/toolchain/avr8/avr8-gnu-toolchain/bin/../lib/gcc/avr/5.4.0/avr5\libgcc.a(_muluhisi3.o)
                0x00004614                __muluhisi3
 .text.libgcc.div
                0x0000462a       0x1c c:/program files (x86)/atmel/studio/7.0/toolchain/avr8/avr8-gnu-toolchain/bin/../lib/gcc/avr/5.4.0/avr5\libgcc.a(_udivdi3.o)
                0x0000462a                __umoddi3
                0x0000462e                __udivdi3
                0x00004630                __udivdi3_umoddi3
 .text.libgcc.div
                0x00004646       0xa2 c:/program files (x86)/atmel/studio/7.0/toolchain/avr8/avr8-gnu-toolchain/bin/../lib/gcc/avr/5.4.0/avr5\libgcc.a(_udivmod64.o)
                0x00004646                __udivmod64
 .text.libgcc.builtins
                0x000046e8       0x32 c:/program files (x86)/atmel/studio/7.0/toolchain/avr8/avr8-gnu-toolchain/bin/../lib/gcc/avr/5.4.0/avr5\libgcc.a(_ashldi3.o)
                0x000046e8                __ashldi3
 .text.libgcc.builtins
                0x0000471a       0x3c c:/program files (x86)/atmel/studio/7.0/toolchain/avr8/avr8-gnu-toolchain/bin/../lib/gcc/avr/5.4.0/avr5\libgcc.a(_ashrdi3.o)
                0x0000471a                __ashrdi3
                0x0000471e                __lshrdi3
 .text.libgcc.div
                0x00004756       0x28 c:/program files (x86)/atmel/studio/7.0/toolchain/avr8/avr8-gnu-toolchain/bin/../lib/gcc/avr/5.4.0/avr5\libgcc.a(_udivmodhi4.o)
                0x00004756                __udivmodhi4
 .text.libgcc.mul
                0x0000477e       0x1e c:/program files (x86)/atmel/studio/7.0/toolchain/avr8/avr8-gnu-toolchain/bin/../lib/gcc/avr/5.4.0/avr5\libgcc.a(_umulhisi3.o)
                0x0000477e                __umulhisi3
 .text.avr-libc
                0x0000479c        0x8 c:/program files (x86)/atmel/studio/7.0/toolchain/avr8/avr8-gnu-toolchain/bin/../lib/gcc/avr/5.4.0/../../../../avr/lib/avr5\libc.a(atof.o)
                0x0000479c                atof
 .text.avr-libc
                0x000047a4        0xa c:/program files (x86)/atmel/studio/7.0/toolchain/avr8/avr8-gnu-toolchain/bin/../lib/gcc/avr/5.4.0/../../../../avr/lib/avr5\libc.a(strtok.o)
                0x000047a4                strtok
 .text.avr-libc
                0x000047ae       0x1a c:/program files (x86)/atmel/studio/7.0/toolchain/avr8/avr8-gnu-toolchain/bin/../lib/gcc/avr/5.4.0/../../../../avr/lib/avr5\libc.a(memcmp.o)
                0x000047ae                memcmp
 .text.avr-libc
                0x000047c8       0x12 c:/program files (x86)/atmel/studio/7.0/toolchain/avr8/avr8-gnu-toolchain/bin/../lib/gcc/avr/5.4.0/../../../../avr/lib/avr5\libc.a(memcpy.o)
                0x000047c8                memcpy
 .text.avr-libc
                0x000047da        0xe c:/program files (x86)/atmel/studio/7.0/toolchain/avr8/avr8-gnu-toolchain/bin/../lib/gcc/avr/5.4.0/../../../../avr/lib/avr5\libc.a(memset.o)
                0x000047da                memset
 .text.avr-libc
                0x000047e8       0x16 c:/program files (x86)/atmel/studio/7.0/toolchain/avr8/avr8-gnu-toolchain/bin/../lib/gcc/avr/5.4.0/../../../../avr/lib/avr5\libc.a(strchr.o)
                0x000047e8                strchr
 .text.avr-libc
                0x000047fe       0x1c c:/program files (x86)/atmel/studio/7.0/toolchain/avr8/avr8-gnu-toolchain/bin/../lib/gcc/avr/5.4.0/../../../../avr/lib/avr5\libc.a(strncmp.o)
                0x000047fe                strncmp
 .text.avr-libc
                0x0000481a       0x4e c:/program files (x86)/atmel/studio/7.0/toolchain/avr8/avr8-gnu-toolchain/bin/../lib/gcc/avr/5.4.0/../../../../avr/lib/avr5\libc.a(strtok_r.o)
                0x0000481a                strtok_r
 .text.avr-libc
                0x00004868       0x2c c:/program files (x86)/atmel/studio/7.0/toolchain/avr8/avr8-gnu-toolchain/bin/../lib/gcc/avr/5.4.0/../../../../avr/lib/avr5\libc.a(printf.o)
                0x00004868                printf
 .text.avr-libc
                0x00004894       0x44 c:/program files (x86)/atmel/studio/7.0/toolchain/avr8/avr8-gnu-toolchain/bin/../lib/gcc/avr/5.4.0/../../../../avr/lib/avr5\libc.a(sprintf.o)
                0x00004894                sprintf
 .text.avr-libc
                0x000048d8       0x32 c:/program files (x86)/atmel/studio/7.0/toolchain/avr8/avr8-gnu-toolchain/bin/../lib/gcc/avr/5.4.0/../../../../avr/lib/avr5\libc.a(sscanf.o)
                0x000048d8                sscanf
 .text.avr-libc
                0x0000490a      0x3c2 c:/program files (x86)/atmel/studio/7.0/toolchain/avr8/avr8-gnu-toolchain/bin/../lib/gcc/avr/5.4.0/../../../../avr/lib/avr5\libc.a(vfprintf_std.o)
                0x0000490a                vfprintf
 .text.avr-libc
                0x00004ccc      0x55a c:/program files (x86)/atmel/studio/7.0/toolchain/avr8/avr8-gnu-toolchain/bin/../lib/gcc/avr/5.4.0/../../../../avr/lib/avr5\libc.a(vfscanf_std.o)
                0x00005004                vfscanf
 .text.avr-libc
                0x00005226      0x29c c:/program files (x86)/atmel/studio/7.0/toolchain/avr8/avr8-gnu-toolchain/bin/../lib/gcc/avr/5.4.0/../../../../avr/lib/avr5\libc.a(strtod.o)
                0x00005226                strtod
 .text.avr-libc
                0x000054c2       0x12 c:/program files (x86)/atmel/studio/7.0/toolchain/avr8/avr8-gnu-toolchain/bin/../lib/gcc/avr/5.4.0/../../../../avr/lib/avr5\libc.a(isspace.o)
                0x000054c2                isspace
 .text.avr-libc
                0x000054d4       0x16 c:/program files (x86)/atmel/studio/7.0/toolchain/avr8/avr8-gnu-toolchain/bin/../lib/gcc/avr/5.4.0/../../../../avr/lib/avr5\libc.a(strchr_P.o)
                0x000054d4                strchr_P
 .text.avr-libc
                0x000054ea       0x30 c:/program files (x86)/atmel/studio/7.0/toolchain/avr8/avr8-gnu-toolchain/bin/../lib/gcc/avr/5.4.0/../../../../avr/lib/avr5\libc.a(strncasecmp_P.o)
                0x000054ea                strncasecmp_P
 .text.avr-libc
                0x0000551a       0x16 c:/program files (x86)/atmel/studio/7.0/toolchain/avr8/avr8-gnu-toolchain/bin/../lib/gcc/avr/5.4.0/../../../../avr/lib/avr5\libc.a(strnlen_P.o)
                0x0000551a                strnlen_P
 .text.avr-libc
                0x00005530       0x16 c:/program files (x86)/atmel/studio/7.0/toolchain/avr8/avr8-gnu-toolchain/bin/../lib/gcc/avr/5.4.0/../../../../avr/lib/avr5\libc.a(strnlen.o)
                0x00005530                strnlen
 .text.avr-libc
                0x00005546       0x7c c:/program files (x86)/atmel/studio/7.0/toolchain/avr8/avr8-gnu-toolchain/bin/../lib/gcc/avr/5.4.0/../../../../avr/lib/avr5\libc.a(fgetc.o)
                0x00005546                fgetc
 .text.avr-libc
                0x000055c2       0x78 c:/program files (x86)/atmel/studio/7.0/toolchain/avr8/avr8-gnu-toolchain/bin/../lib/gcc/avr/5.4.0/../../../../avr/lib/avr5\libc.a(fputc.o)
                0x000055c2                fputc
 .text.avr-libc
                0x0000563a       0x32 c:/program files (x86)/atmel/studio/7.0/toolchain/avr8/avr8-gnu-toolchain/bin/../lib/gcc/avr/5.4.0/../../../../avr/lib/avr5\libc.a(ungetc.o)
                0x0000563a                ungetc
 .text.avr-libc
                0x0000566c       0xbc c:/program files (x86)/atmel/studio/7.0/toolchain/avr8/avr8-gnu-toolchain/bin/../lib/gcc/avr/5.4.0/../../../../avr/lib/avr5\libc.a(ultoa_invert.o)
                0x0000566c                __ultoa_invert
 .text.avr-libc
                0x00005728        0x6 c:/program files (x86)/atmel/studio/7.0/toolchain/avr8/avr8-gnu-toolchain/bin/../lib/gcc/avr/5.4.0/../../../../avr/lib/avr5\libc.a(cty_isfalse.o)
                0x00005728                __ctype_isfalse
                0x0000572c                __ctype_istrue
 .text.libgcc.prologue
                0x0000572e       0x38 c:/program files (x86)/atmel/studio/7.0/toolchain/avr8/avr8-gnu-toolchain/bin/../lib/gcc/avr/5.4.0/avr5\libgcc.a(_prologue.o)
                0x0000572e                __prologue_saves__
 .text.libgcc.prologue
                0x00005766       0x36 c:/program files (x86)/atmel/studio/7.0/toolchain/avr8/avr8-gnu-toolchain/bin/../lib/gcc/avr/5.4.0/avr5\libgcc.a(_epilogue.o)
                0x00005766                __epilogue_restores__
                0x0000579c                . = ALIGN (0x2)
 *(.fini9)
 .fini9         0x0000579c        0x0 c:/program files (x86)/atmel/studio/7.0/toolchain/avr8/avr8-gnu-toolchain/bin/../lib/gcc/avr/5.4.0/avr5\libgcc.a(_exit.o)
                0x0000579c                _exit
                0x0000579c                exit
 *(.fini9)
 *(.fini8)
 *(.fini8)
 *(.fini7)
 *(.fini7)
 *(.fini6)
 *(.fini6)
 *(.fini5)
 *(.fini5)
 *(.fini4)
 *(.fini4)
 *(.fini3)
 *(.fini3)
 *(.fini2)
 *(.fini2)
 *(.fini1)
 *(.fini1)
 *(.fini0)
 .fini0         0x0000579c        0x4 c:/program files (x86)/atmel/studio/7.0/toolchain/avr8/avr8-gnu-toolchain/bin/../lib/gcc/avr/5.4.0/avr5\libgcc.a(_exit.o)
 *(.fini0)
                0x000057a0                _etext = .

.data           0x00800100      0x1d6 load address 0x000057a0
                0x00800100                PROVIDE (__data_start, .)
 *(.data)
 *(.data*)
 .data.Stat     0x00800100        0x1 SD/diskio.o
 *(.gnu.linkonce.d*)
 *(.rodata)
 *(.rodata*)
 .rodata.str1.1
                0x00800101       0x29 GPS.o
 .rodata.str1.1
                0x0080012a      0x188 main.o
                                0x189 (size before relaxing)
 .rodata.str1.1
                0x008002b2       0x23 SD/ff.o
 *(.gnu.linkonce.r*)
                0x008002d6                . = ALIGN (0x2)
 *fill*         0x008002d5        0x1 
                0x008002d6                _edata = .
                0x008002d6                PROVIDE (__data_end, .)

.bss            0x008002d6      0x461
                0x008002d6                PROVIDE (__bss_start, .)
 *(.bss)
 .bss           0x008002d6        0x2 c:/program files (x86)/atmel/studio/7.0/toolchain/avr8/avr8-gnu-toolchain/bin/../lib/gcc/avr/5.4.0/../../../../avr/lib/avr5\libc.a(strtok.o)
 *(.bss*)
 .bss.CardType  0x008002d8        0x1 SD/diskio.o
 .bss.Fsid      0x008002d9        0x2 SD/ff.o
 .bss.FatFs     0x008002db        0x2 SD/ff.o
 *(COMMON)
 COMMON         0x008002dd      0x452 main.o
                0x008002dd                FatFs
                0x0080050d                Fil
 COMMON         0x0080072f        0x6 c:/program files (x86)/atmel/studio/7.0/toolchain/avr8/avr8-gnu-toolchain/bin/../lib/gcc/avr/5.4.0/../../../../avr/lib/avr5\libc.a(iob.o)
                0x0080072f                __iob
 COMMON         0x00800735        0x2 c:/program files (x86)/atmel/studio/7.0/toolchain/avr8/avr8-gnu-toolchain/bin/../lib/gcc/avr/5.4.0/../../../../avr/lib/avr5\libc.a(errno.o)
                0x00800735                errno
                0x00800737                PROVIDE (__bss_end, .)
                0x000057a0                __data_load_start = LOADADDR (.data)
                0x00005976                __data_load_end = (__data_load_start + SIZEOF (.data))

.noinit         0x00800737        0x0
                [!provide]                PROVIDE (__noinit_start, .)
 *(.noinit*)
                [!provide]                PROVIDE (__noinit_end, .)
                0x00800737                _end = .
                [!provide]                PROVIDE (__heap_start, .)

.eeprom         0x00810000        0x0
 *(.eeprom*)
                0x00810000                __eeprom_end = .

.fuse
 *(.fuse)
 *(.lfuse)
 *(.hfuse)
 *(.efuse)

.lock
 *(.lock*)

.signature
 *(.signature*)

.user_signatures
 *(.user_signatures*)

.stab
 *(.stab)

.stabstr
 *(.stabstr)

.stab.excl
 *(.stab.excl)

.stab.exclstr
 *(.stab.exclstr)

.stab.index
 *(.stab.index)

.stab.indexstr
 *(.stab.indexstr)

.comment        0x00000000       0x5c
 *(.comment)
 .comment       0x00000000       0x30 GPS.o
                                 0x31 (size before relaxing)
 .comment       0x00000030       0x31 lora.o
 .comment       0x00000030       0x31 main.o
 .comment       0x00000030       0x31 SD/diskio.o
 .comment       0x00000030       0x31 SD/ff.o
 .comment       0x00000030       0x31 serial.o
 .comment       0x00000030       0x31 c:/program files (x86)/atmel/studio/7.0/toolchain/avr8/avr8-gnu-toolchain/bin/../lib/gcc/avr/5.4.0/../../../../avr/lib/avr5\libc.a(strtok.o)
 .comment       0x00000030       0x31 c:/program files (x86)/atmel/studio/7.0/toolchain/avr8/avr8-gnu-toolchain/bin/../lib/gcc/avr/5.4.0/../../../../avr/lib/avr5\libc.a(printf.o)
 .comment       0x00000030       0x31 c:/program files (x86)/atmel/studio/7.0/toolchain/avr8/avr8-gnu-toolchain/bin/../lib/gcc/avr/5.4.0/../../../../avr/lib/avr5\libc.a(sprintf.o)
 .comment       0x00000030       0x31 c:/program files (x86)/atmel/studio/7.0/toolchain/avr8/avr8-gnu-toolchain/bin/../lib/gcc/avr/5.4.0/../../../../avr/lib/avr5\libc.a(sscanf.o)
 .comment       0x00000030       0x2c c:/program files (x86)/atmel/studio/7.0/toolchain/avr8/avr8-gnu-toolchain/bin/../lib/gcc/avr/5.4.0/../../../../avr/lib/avr5\libc.a(vfprintf_std.o)
                                 0x2d (size before relaxing)
 .comment       0x0000005c       0x2d c:/program files (x86)/atmel/studio/7.0/toolchain/avr8/avr8-gnu-toolchain/bin/../lib/gcc/avr/5.4.0/../../../../avr/lib/avr5\libc.a(vfscanf_std.o)
 .comment       0x0000005c       0x31 c:/program files (x86)/atmel/studio/7.0/toolchain/avr8/avr8-gnu-toolchain/bin/../lib/gcc/avr/5.4.0/../../../../avr/lib/avr5\libc.a(strtod.o)
 .comment       0x0000005c       0x31 c:/program files (x86)/atmel/studio/7.0/toolchain/avr8/avr8-gnu-toolchain/bin/../lib/gcc/avr/5.4.0/../../../../avr/lib/avr5\libc.a(fgetc.o)
 .comment       0x0000005c       0x31 c:/program files (x86)/atmel/studio/7.0/toolchain/avr8/avr8-gnu-toolchain/bin/../lib/gcc/avr/5.4.0/../../../../avr/lib/avr5\libc.a(fputc.o)
 .comment       0x0000005c       0x31 c:/program files (x86)/atmel/studio/7.0/toolchain/avr8/avr8-gnu-toolchain/bin/../lib/gcc/avr/5.4.0/../../../../avr/lib/avr5\libc.a(iob.o)
 .comment       0x0000005c       0x31 c:/program files (x86)/atmel/studio/7.0/toolchain/avr8/avr8-gnu-toolchain/bin/../lib/gcc/avr/5.4.0/../../../../avr/lib/avr5\libc.a(ungetc.o)
 .comment       0x0000005c       0x2d c:/program files (x86)/atmel/studio/7.0/toolchain/avr8/avr8-gnu-toolchain/bin/../lib/gcc/avr/5.4.0/../../../../avr/lib/avr5\libc.a(errno.o)

.note.gnu.avr.deviceinfo
                0x00000000       0x40
 .note.gnu.avr.deviceinfo
                0x00000000       0x40 C:/Program Files (x86)/Atmel/Studio/7.0/Packs/atmel/ATmega_DFP/1.7.374/gcc/dev/atmega644pa/avr5/crtatmega644pa.o

.note.gnu.build-id
 *(.note.gnu.build-id)

.debug
 *(.debug)

.line
 *(.line)

.debug_srcinfo
 *(.debug_srcinfo)

.debug_sfnames
 *(.debug_sfnames)

.debug_aranges  0x00000000      0x328
 *(.debug_aranges)
 .debug_aranges
                0x00000000       0x20 GPS.o
 .debug_aranges
                0x00000020       0x80 lora.o
 .debug_aranges
                0x000000a0       0x20 main.o
 .debug_aranges
                0x000000c0       0x90 SD/diskio.o
 .debug_aranges
                0x00000150      0x180 SD/ff.o
 .debug_aranges
                0x000002d0       0x58 serial.o

.debug_pubnames
 *(.debug_pubnames)

.debug_info     0x00000000     0x54c9
 *(.debug_info .gnu.linkonce.wi.*)
 .debug_info    0x00000000      0x6cc C:/Program Files (x86)/Atmel/Studio/7.0/Packs/atmel/ATmega_DFP/1.7.374/gcc/dev/atmega644pa/avr5/crtatmega644pa.o
 .debug_info    0x000006cc      0x19c GPS.o
 .debug_info    0x00000868      0x6c7 lora.o
 .debug_info    0x00000f2f      0x8f9 main.o
 .debug_info    0x00001828      0xc80 SD/diskio.o
 .debug_info    0x000024a8     0x2e84 SD/ff.o
 .debug_info    0x0000532c      0x19d serial.o

.debug_abbrev   0x00000000     0x1175
 *(.debug_abbrev)
 .debug_abbrev  0x00000000      0x66e C:/Program Files (x86)/Atmel/Studio/7.0/Packs/atmel/ATmega_DFP/1.7.374/gcc/dev/atmega644pa/avr5/crtatmega644pa.o
 .debug_abbrev  0x0000066e       0xc5 GPS.o
 .debug_abbrev  0x00000733      0x191 lora.o
 .debug_abbrev  0x000008c4      0x217 main.o
 .debug_abbrev  0x00000adb      0x2ab SD/diskio.o
 .debug_abbrev  0x00000d86      0x2c9 SD/ff.o
 .debug_abbrev  0x0000104f      0x126 serial.o

.debug_line     0x00000000     0x30c9
 *(.debug_line .debug_line.* .debug_line_end)
 .debug_line    0x00000000      0x151 C:/Program Files (x86)/Atmel/Studio/7.0/Packs/atmel/ATmega_DFP/1.7.374/gcc/dev/atmega644pa/avr5/crtatmega644pa.o
 .debug_line    0x00000151      0x170 GPS.o
 .debug_line    0x000002c1      0x353 lora.o
 .debug_line    0x00000614      0x270 main.o
 .debug_line    0x00000884      0x717 SD/diskio.o
 .debug_line    0x00000f9b     0x1f5c SD/ff.o
 .debug_line    0x00002ef7      0x1d2 serial.o

.debug_frame    0x00000000      0xfe8
 *(.debug_frame)
 .debug_frame   0x00000000       0xb4 GPS.o
 .debug_frame   0x000000b4      0x160 lora.o
 .debug_frame   0x00000214       0x34 main.o
 .debug_frame   0x00000248      0x268 SD/diskio.o
 .debug_frame   0x000004b0      0xa98 SD/ff.o
 .debug_frame   0x00000f48       0xa0 serial.o

.debug_str      0x00000000      0xb79
 *(.debug_str)
 .debug_str     0x00000000      0x252 C:/Program Files (x86)/Atmel/Studio/7.0/Packs/atmel/ATmega_DFP/1.7.374/gcc/dev/atmega644pa/avr5/crtatmega644pa.o
 .debug_str     0x00000252      0x182 GPS.o
                                0x1bb (size before relaxing)
 .debug_str     0x000003d4      0x12a lora.o
                                0x281 (size before relaxing)
 .debug_str     0x000004fe      0x2c1 main.o
                                0x4d5 (size before relaxing)
 .debug_str     0x000007bf      0x125 SD/diskio.o
                                0x308 (size before relaxing)
 .debug_str     0x000008e4      0x26d SD/ff.o
                                0x6b6 (size before relaxing)
 .debug_str     0x00000b51       0x28 serial.o
                                0x1c6 (size before relaxing)

.debug_loc      0x00000000     0x679e
 *(.debug_loc)
 .debug_loc     0x00000000      0x210 GPS.o
 .debug_loc     0x00000210      0x52d lora.o
 .debug_loc     0x0000073d      0x136 main.o
 .debug_loc     0x00000873      0xdef SD/diskio.o
 .debug_loc     0x00001662     0x50c6 SD/ff.o
 .debug_loc     0x00006728       0x76 serial.o

.debug_macinfo
 *(.debug_macinfo)

.debug_weaknames
 *(.debug_weaknames)

.debug_funcnames
 *(.debug_funcnames)

.debug_typenames
 *(.debug_typenames)

.debug_varnames
 *(.debug_varnames)

.debug_pubtypes
 *(.debug_pubtypes)

.debug_ranges   0x00000000      0x2c8
 *(.debug_ranges)
 .debug_ranges  0x00000000       0x10 GPS.o
 .debug_ranges  0x00000010       0x70 lora.o
 .debug_ranges  0x00000080       0x10 main.o
 .debug_ranges  0x00000090       0x80 SD/diskio.o
 .debug_ranges  0x00000110      0x170 SD/ff.o
 .debug_ranges  0x00000280       0x48 serial.o

.debug_macro
 *(.debug_macro)
OUTPUT(C-Track.elf elf32-avr)
LOAD linker stubs
